// Jest Snapshot v1, https://goo.gl/fbAQLP

exports[`renders without crashing 1`] = `
<Connect(LayoutContainer)>
  <Meta
    description=""
    title="Filter content"
  />
  <PageContent>
    <h1>
      To do:
    </h1>
    make the stuff below works
    <br />
    and also make look better
    <br />
    and also include a search input
    <TextBlock>
      <hr />
    </TextBlock>
  </PageContent>
</Connect(LayoutContainer)>
`;
