// Jest Snapshot v1, https://goo.gl/fbAQLP

exports[`renders without crashing 1`] = `
<Connect(LayoutContainer)>
  <Meta
    description="A web developer and thinker."
    image=""
    title="Random Thoughts"
  />
  <PageContent>
    <PostsListing
      items={Array []}
    />
  </PageContent>
</Connect(LayoutContainer)>
`;
