// Jest Snapshot v1, https://goo.gl/fbAQLP

exports[`renders without crashing 1`] = `
<main
  className="Layout"
>
  <div
    className="Layout__headerbar"
  >
    <HeaderBar
      languages={
        <Languages
          activeLanguage={Array []}
          availableLanguages=""
          selectLanguage={[Function]}
        />
      }
    />
  </div>
  <article
    className="Layout__content"
  />
</main>
`;
