// Jest Snapshot v1, https://goo.gl/fbAQLP

exports[`renders without crashing 1`] = `
<main
  className="Layout"
>
  <HeaderBar
    languages={
      <Languages
        activeLanguage={Array []}
        availableLanguages=""
        selectLanguage={[Function]}
      />
    }
  />
  <BreadCrumbs
    items={Array []}
  />
</main>
`;
