// Jest Snapshot v1, https://goo.gl/fbAQLP

exports[`renders without crashing 1`] = `
<main
  className="Layout"
>
  <header
    className="Layout__header"
  >
    <h1
      className="Layout__header-title"
    >
      <AppLink
        className=""
        to=""
      >
        Random Thoughts
      </AppLink>
    </h1>
    <Tabs />
  </header>
  <article
    className="Layout__content"
  >
    <div
      className="Layout__content-inner"
    />
  </article>
</main>
`;
