// Jest Snapshot v1, https://goo.gl/fbAQLP

exports[`renders without crashing 1`] = `
<Switch>
  <Route
    component={[Function]}
    exact={true}
    path="/"
  />
  <Route
    exact={true}
    path="/:year/:month/:day/:title"
    render={[Function]}
  />
  <Route
    exact={true}
    path="/category/:title"
    render={[Function]}
  />
  <Route
    component={[Function]}
    exact={true}
    path="/archive"
  />
  <Route
    exact={true}
    path="/about-me"
    render={[Function]}
  />
  <Route
    component={[Function]}
    exact={true}
    path="/search"
  />
  <Route
    component={[Function]}
  />
</Switch>
`;
