// Jest Snapshot v1, https://goo.gl/fbAQLP

exports[`renders without crashing 1`] = `
<Connect(LayoutContainer)>
  <Meta
    description=""
    title=""
  />
  <PageContent>
    <TextBlock>
      <MarkdownRenderer
        text=""
      />
    </TextBlock>
  </PageContent>
</Connect(LayoutContainer)>
`;
