// Jest Snapshot v1, https://goo.gl/fbAQLP

exports[`renders without crashing 1`] = `
<Connect(LayoutContainer)>
  <Meta
    description=""
    image=""
    title="Archive of content"
  />
  <PageContent>
    <h1>
      To do:
    </h1>
    display a timeline/calendar of posts
    <br />
    years, months and days are clickable
    <br />
    each filter opens on its route
    <br />
    and show available posts on PostsListing
    <br />
  </PageContent>
</Connect(LayoutContainer)>
`;
