// Jest Snapshot v1, https://goo.gl/fbAQLP

exports[`renders without crashing 1`] = `
<div
  className="PostDetails"
>
  <PostHeader
    category={
      Object {
        "handle": "",
        "icon": "",
        "title": "",
      }
    }
    date=""
    excerpt=""
    mode="details"
    title=""
  />
  <TextBlock>
    <MarkdownRenderer
      text=""
    />
  </TextBlock>
</div>
`;
