// Jest Snapshot v1, https://goo.gl/fbAQLP

exports[`renders without crashing 1`] = `
<header
  className="Layout-HeaderBar"
>
  <h1
    className="Layout-HeaderBar__title"
  >
    <AppLink
      to=""
    >
      Random Thoughts
    </AppLink>
  </h1>
  <div
    className="Layout-HeaderBar__about"
  >
    <img
      alt="Bernardo Dias da Cruz"
      className="Layout-HeaderBar__about-picture"
      src="/images/me.jpg"
    />
    <p>
      I'm 
      <strong>
        Bernardo Dias da Cruz
      </strong>
      ,
      <br />
      a senior web developer.
    </p>
    <p>
      <AppLink
        to="about-me"
      >
        Click here to know more about me.
      </AppLink>
    </p>
    <p
      className="Layout-HeaderBar__social"
    >
      <span>
        Follow me on 
      </span>
      <a
        href="https://github.com/bernardodiasc"
        rel="noopener noreferrer"
        target="_blank"
      >
        GitHub
      </a>
      <span>
         and 
      </span>
      <a
        href="https://twitter.com/bernardodiasc"
        rel="noopener noreferrer"
        target="_blank"
      >
        Twitter
      </a>
    </p>
  </div>
  <nav
    className="Layout-HeaderBar__further"
  >
    <h2>
      Looking further?
    </h2>
    <ul
      className="Layout-HeaderBar__further-list"
    >
      <li
        className="Layout-HeaderBar__further-item"
      >
        <AppLink
          to="archive"
        >
          Archive
        </AppLink>
      </li>
      <li
        className="Layout-HeaderBar__further-item"
      >
        <AppLink
          to="search"
        >
          Search for content
        </AppLink>
      </li>
    </ul>
  </nav>
</header>
`;
