// Jest Snapshot v1, https://goo.gl/fbAQLP

exports[`renders without crashing 1`] = `
<header
  className="Layout-HeaderBar"
>
  <h1
    className="Layout-HeaderBar__title"
  >
    <AppLink
      to=""
    >
      Random Thoughts
    </AppLink>
  </h1>
  <div
    className="Layout-HeaderBar__about"
  >
    <img
      alt="Bernardo Dias da Cruz"
      className="Layout-HeaderBar__about-picture"
      src="/images/me.jpg"
    />
    <p>
      I'm 
      <strong>
        Bernardo Dias da Cruz
      </strong>
      ,
      <br />
      a web developer and thinker.
    </p>
    <p>
      <AppLink
        to="about-me"
      >
        More about me.
      </AppLink>
    </p>
    <p
      className="Layout-HeaderBar__social"
    >
      <span>
        Follow me on 
      </span>
      <a
        href="https://twitter.com/bernardodiasc"
        rel="noopener noreferrer"
        target="_blank"
      >
        Twitter
      </a>
      <span>
         and 
      </span>
      <a
        href="https://github.com/bernardodiasc"
        rel="noopener noreferrer"
        target="_blank"
      >
        GitHub
      </a>
      .
    </p>
  </div>
  <div
    style={
      Object {
        "display": "none",
      }
    }
  >
    <h2>
      Filter posts
    </h2>
    <AppLink
      to="archive"
    >
      Archive
    </AppLink>
  </div>
</header>
`;
