// Jest Snapshot v1, https://goo.gl/fbAQLP

exports[`renders without crashing 1`] = `
<Connect(LayoutContainer)>
  <Meta
    title="Category: undefined"
  />
  <PageContent>
    <CategoryDetails
      category={Object {}}
    />
    <PostsListing
      items={Array []}
    />
  </PageContent>
</Connect(LayoutContainer)>
`;
