// Jest Snapshot v1, https://goo.gl/fbAQLP

exports[`renders without crashing 1`] = `
<div
  className="Animation"
>
  <Lottie
    ariaLabel="animation"
    ariaRole="button"
    eventListeners={
      Array [
        Object {
          "callback": [Function],
          "eventName": "enterFrame",
        },
      ]
    }
    height="100%"
    isClickToPauseDisabled={false}
    isPaused={false}
    isStopped={false}
    onClick={[Function]}
    options={
      Object {
        "animationData": undefined,
        "autoplay": true,
        "loop": true,
        "rendererSettings": Object {
          "preserveAspectRatio": "xMidYMid slice",
        },
      }
    }
    speed={1}
    title=""
    width="100%"
  />
</div>
`;
